0001   8003                     .org 8003H
0002   8003                     
0003   8003 C3 00 30            jp  $3000
0004   8006                     
0005   3000                     .org 3000H      ; start in jump
0006   3000 01 00 20            ld bc, $2000    ; Break is from $2000 to $3FFF
0007   3003 ED 79               out (c), A      ; output the 0 to Break to Single Step mode
0008   3005 C9                  ret             ; return to where we started
0009   3006                     
0010   3006                                     ; mb = &h3000
0011   3006                                     ; print mb
0012   3006                                     ; poke mb, &h01
0013   3006                                     ; poke mb+1, &h00
0014   3006                                     ; poke mb+2, &h20
0015   3006                                     ; poke mb+3, &hed
0016   3006                                     ; poke mb+4, &h79
0017   3006                                     ; poke mb+5, &hc9
0018   3006                     
0019   3006                     .end



Label        Value      Label        Value      Label        Value
------------------      ------------------      ------------------

tasm: Number of errors = 0
